[ 2026-08-02 11:59:08,452 ] 11 root - INFO - Entered into main.py try block
[ 2026-08-02 11:59:08,454 ] 19 root - INFO - Data Ingestion Started
[ 2026-08-02 11:59:08,454 ] 87 root - INFO - Entered to DataIngestion class in data_ingestion.py
[ 2026-08-02 11:59:08,639 ] 35 root - INFO - Data collection is extrated from mongo db atlas
[ 2026-08-02 11:59:11,157 ] 43 root - INFO - Data is converted into data frame
[ 2026-08-02 11:59:11,161 ] 55 root - INFO - feature store directory created.
[ 2026-08-02 11:59:11,278 ] 57 root - INFO - data is saved into featured stored path.
[ 2026-08-02 11:59:11,291 ] 67 root - INFO - Performed Trained Test Split on dataframe
[ 2026-08-02 11:59:11,292 ] 73 root - INFO - Exporting train and test data
[ 2026-08-02 11:59:11,403 ] 78 root - INFO - Exported Train and Test Data
[ 2026-08-02 11:59:11,404 ] 21 root - INFO - Data Ingestion Completed
[ 2026-08-02 11:59:11,404 ] 24 root - INFO - Data Validation Started
[ 2026-08-02 11:59:11,415 ] 86 root - INFO - Entered into initiate_data_validation method in DataValidation class.
[ 2026-08-02 11:59:11,540 ] 93 root - INFO - Extracted Training and Testing Data
[ 2026-08-02 11:59:11,541 ] 30 root - INFO - Required No of columns : 31
[ 2026-08-02 11:59:11,541 ] 31 root - INFO - Data has columns 31
[ 2026-08-02 11:59:11,541 ] 30 root - INFO - Required No of columns : 31
[ 2026-08-02 11:59:11,541 ] 31 root - INFO - Data has columns 31
[ 2026-08-02 11:59:11,808 ] 28 root - INFO - Data Validation Completed
[ 2026-08-02 11:59:11,810 ] 30 root - INFO - Data Transformation started
[ 2026-08-02 11:59:11,810 ] 44 root - INFO - Entered to data transformation stage
[ 2026-08-02 11:59:11,810 ] 46 root - INFO - Data Transformation Initiated.
[ 2026-08-02 11:59:11,928 ] 59 root - INFO - Sperated Dependent and independent features
[ 2026-08-02 11:59:11,929 ] 32 root - INFO - Entered to get_data_transformer_object in data_transformation.py
[ 2026-08-02 11:59:11,929 ] 34 root - INFO - KNN Imputer is initialized with params
[ 2026-08-02 11:59:11,988 ] 66 root - INFO - Transfomed trained and test data
[ 2026-08-02 11:59:11,998 ] 74 root - INFO - Saved Transformed Train and Test numpy arr.
[ 2026-08-02 11:59:12,000 ] 33 root - INFO - Data Transformation Completed
